# name: test_csv_multiple_columns
  <class 'list'> [
    <class 'dict'> {
      'cola': <class 'list'> [
        'a11',
        'a12',
      ],
      'colb': 'b11',
    },
    <class 'dict'> {
      'cola': <class 'list'> [
        'a21',
        'a22',
      ],
      'colb': 'b21',
    },
  ]
---
